[www.yenialanya.com/haber/9251018/intihar-eden-gencten-aci-not-arabami-satip-borclarimi-odeyin.html]
[backblue.gif]
[fade.gif]
[index.html]
[static.daktilo.com/sites/496/uploads/2022/01/29/7-16-9-1643448904.1.delayed]
[yenialanya.com/themes/default/assets/smart-app-banner.css]
[file.daktilo.com/themes/enerjik/assets/builds/grid/grid.min10d8.css]
[file.daktilo.com/themes/enerjik/assets/font/font.mine046.css]
[file.daktilo.com/themes/default/assets/libs/photoswipe/merge/photoswipe6d23.css]
[file.daktilo.com/themes/default/assets/builds/comment/comment.min6d23.css]
[file.daktilo.com/themes/enerjik/assets/builds/comment/comment-theme.mine046.css]
[file.daktilo.com/themes/default/assets/libs/plyr/dist/plyr6d23.css]
[file.daktilo.com/themes/enerjik/assets/main/main-haber.min5be8.css]
[file.daktilo.com/sites/496/assets/custom-enerjik.1616596257.css]
[certify-js.alexametrics.com/atrk.js]
[certify.alexametrics.com/atrkb3b3.gif]
[cdn2.bildirt.com/BildirtSDKfiles.js]
[www.yenialanya.com/themes/default/assets/imsakiye654f.css]
[cdnjs.cloudflare.com/ajax/libs/videojs-contrib-ads/6.7.0/videojs.ads.css]
[cdnjs.cloudflare.com/ajax/libs/videojs-contrib-ads/6.7.0/videojs-contrib-ads.min.css]
[vjs.zencdn.net/7.11.4/video-js.css]
[www.yenialanya.com/themes/default/assets/videojs.ima.css]
[www.yenialanya.com/cdn-cgi/challenge-platform/h/b/scripts/invisible648d.js]
[connect.facebook.net/tr_TR/sdk.js]
[static.daktilo.com/sites/496/uploads/2020/03/19/large/desktop-1.png]
[static.daktilo.com/sites/496/uploads/2020/03/19/large/mobil-1.png]
[www.yenialanya.com/images/services/radyo-dim.png]
[www.yenialanya.com/images/services/tv-dim.png]
[static.daktilo.com/sites/496/uploads/2022/01/29/large/7-16-9-1643448904.jpg]
[file.daktilo.com/themes/enerjik/assets/img/mask-16-9.png]
[file.daktilo.com/themes/enerjik/assets/img/bos.png]
[file.daktilo.com/themes/default/assets/all-of-defer6d23.js]
[static.daktilo.com/sites/496/uploads/2020/03/19/desktop-1.png]
[file.daktilo.com/themes/default/assets/libs/photoswipe/merge/photoswipe6d23.js]
[file.daktilo.com/themes/default/assets/libs/merge/form-kits6d23.js]
[www.google.com/recaptcha/api.js]
[file.daktilo.com/themes/default/assets/main6d23.js]
[file.daktilo.com/themes/enerjik/assets/main-themedbc9.js]
[file.daktilo.com/themes/default/assets/builds/comment/comment6d23.js]
[vjs.zencdn.net/7.11.4/video.min.js]
[imasdk.googleapis.com/js/sdkloader/ima3.js]
[cdnjs.cloudflare.com/ajax/libs/videojs-contrib-ads/6.7.0/videojs.ads.js]
[cdnjs.cloudflare.com/ajax/libs/videojs-contrib-ads/6.7.0/videojs-contrib-ads.min.js]
[www.yenialanya.com/themes/default/assets/Youtube.min.js]
[www.yenialanya.com/themes/default/assets/videojs.ima.min.js]
[yenialanya.com/themes/default/assets/smart-app-banner.js]
[www.yenialanya.com/themes/default/assets/imsakiye.js]
[file.daktilo.com/themes/default/assets/icon/icon.min6d23.css]
[file.daktilo.com/themes/enerjik/assets/icon/icon-theme.mine046.css]
[www.yenialanya.com/haber/9251018/intihar-eden-gencten-aci-not-arabami-satip-borclarimi-odeyin.html]
[static.daktilo.com/sites/496/uploads/2022/01/29/7-16-9-1643448904.html]
[yenialanya.com/themes/default/assets/smart-app-banner.css]
[file.daktilo.com/themes/enerjik/assets/builds/grid/grid.min10d8.css]
[file.daktilo.com/themes/enerjik/assets/font/font.mine046.css]
[www.yenialanya.com/cdn-cgi/scripts/7d0fa10a/cloudflare-static/rocket-loader.min.js]
[file.daktilo.com/themes/default/assets/libs/photoswipe/merge/inc/default-skin.png]
[file.daktilo.com/themes/default/assets/libs/photoswipe/merge/inc/default-skin.svg]
[file.daktilo.com/themes/default/assets/libs/photoswipe/merge/inc/preloader.40.delayed]
[file.daktilo.com/themes/default/assets/libs/photoswipe/merge/photoswipe6d23.css]
[file.daktilo.com/themes/default/assets/builds/comment/comment.min6d23.css]
[file.daktilo.com/themes/enerjik/assets/builds/comment/comment-theme.mine046.css]
[file.daktilo.com/themes/default/assets/libs/plyr/dist/plyr6d23.css]
[file.daktilo.com/themes/enerjik/assets/main/img/loader.gif]
[file.daktilo.com/themes/enerjik/img/hesap/hr_t1.png]
[file.daktilo.com/themes/enerjik/assets/main/img/gd-1.png]
[file.daktilo.com/themes/enerjik/assets/img/zoom-xs.png]
[file.daktilo.com/themes/enerjik/assets/main/img/info.png]
[file.daktilo.com/themes/enerjik/assets/main/img/balon.png]
[file.daktilo.com/themes/enerjik/assets/img/a.png]
[file.daktilo.com/themes/enerjik/assets/img/classy-fabric.png]
[file.daktilo.com/themes/enerjik/assets/img/zoom-xl.png]
[file.daktilo.com/themes/enerjik_b/assets/img/album-arti.png]
[file.daktilo.com/themes/enerjik/assets/main/main-haber.min5be8.css]
[file.daktilo.com/sites/496/assets/custom-enerjik.1616596257.css]
[www.yenialanya.com/themes/default/assets/imsakiye654f.css]
[cdnjs.cloudflare.com/ajax/libs/videojs-contrib-ads/6.7.0/videojs.ads.css]
[cdnjs.cloudflare.com/ajax/libs/videojs-contrib-ads/6.7.0/videojs-contrib-ads.min.css]
[vjs.zencdn.net/7.11.4/video-js.css]
[www.yenialanya.com/themes/default/assets/videojs.ima.css]
[connect.facebook.net/tr_TR/sdk.js]
[static.daktilo.com/sites/496/uploads/2020/03/19/large/mobil-1.html]
[static.daktilo.com/sites/496/uploads/2020/03/19/desktop-1.html]
[file.daktilo.com/themes/default/assets/icon/social/ss-social-regulard41d.eot]
[file.daktilo.com/themes/default/assets/icon/social/ss-social-regular.woff2]
[file.daktilo.com/themes/default/assets/icon/social/ss-social-regular.woff]
[file.daktilo.com/themes/default/assets/icon/social/ss-social-regular.ttf]
[file.daktilo.com/themes/default/assets/icon/social/ss-social-regular.svg]
[file.daktilo.com/themes/default/assets/icon/social/ss-social-circled41d.eot]
[file.daktilo.com/themes/default/assets/icon/social/ss-social-circle.woff2]
[file.daktilo.com/themes/default/assets/icon/social/ss-social-circle.woff]
[file.daktilo.com/themes/default/assets/icon/social/ss-social-circle.ttf]
[file.daktilo.com/themes/default/assets/icon/social/ss-social-circle.svg]
[file.daktilo.com/themes/default/assets/icon/standard/ss-standardd41d.eot]
[file.daktilo.com/themes/default/assets/icon/standard/ss-standard.woff2]
[file.daktilo.com/themes/default/assets/icon/standard/ss-standard.woff]
[file.daktilo.com/themes/default/assets/icon/standard/ss-standard.ttf]
[file.daktilo.com/themes/default/assets/icon/standard/ss-standard.svg]
[file.daktilo.com/themes/default/assets/icon/gizmo/ss-gizmod41d.eot]
[file.daktilo.com/themes/default/assets/icon/gizmo/ss-gizmo.woff2]
[file.daktilo.com/themes/default/assets/icon/gizmo/ss-gizmo.woff]
[file.daktilo.com/themes/default/assets/icon/gizmo/ss-gizmo.ttf]
[file.daktilo.com/themes/default/assets/icon/gizmo/ss-gizmo.svg]
[file.daktilo.com/themes/default/assets/icon/pika/ss-pikad41d.eot]
[file.daktilo.com/themes/default/assets/icon/pika/ss-pika.woff2]
[file.daktilo.com/themes/default/assets/icon/pika/ss-pika.woff]
[file.daktilo.com/themes/default/assets/icon/pika/ss-pika.ttf]
[file.daktilo.com/themes/default/assets/icon/pika/ss-pika.svg]
[file.daktilo.com/themes/default/assets/icon/weather/weatherd41d.eot]
[file.daktilo.com/themes/default/assets/icon/weather/weather.woff2]
[file.daktilo.com/themes/default/assets/icon/weather/weather.woff]
[file.daktilo.com/themes/default/assets/icon/weather/weather.ttf]
[file.daktilo.com/themes/default/assets/icon/icon.min6d23.css]
[file.daktilo.com/themes/default/assets/icon/weather/weather.svg]
[file.daktilo.com/themes/enerjik/assets/icon/icomoon/fonts/icomoond41d.eot]
[file.daktilo.com/themes/enerjik/assets/icon/icomoon/fonts/icomoon.woff]
[file.daktilo.com/themes/enerjik/assets/icon/icomoon/fonts/icomoon.ttf]
[file.daktilo.com/themes/enerjik/assets/icon/icomoon/fonts/icomoon.svg]
[file.daktilo.com/themes/enerjik/assets/icon/icon-theme.mine046.css]
[file.daktilo.com/themes/default/assets/libs/photoswipe/merge/inc/default-skin.svg]
[file.daktilo.com/themes/default/assets/libs/photoswipe/merge/inc/preloader.html]
[file.daktilo.com/themes/enerjik/assets/main/img/loader.html]
[file.daktilo.com/themes/enerjik/img/hesap/hr_t1.html]
[file.daktilo.com/themes/enerjik/assets/main/img/gd-1.html]
[file.daktilo.com/themes/enerjik/assets/main/img/balon.html]
[file.daktilo.com/themes/default/assets/icon/social/ss-social-regulard41d.html]
[file.daktilo.com/themes/default/assets/icon/social/ss-social-regular.svg]
[file.daktilo.com/themes/default/assets/icon/social/ss-social-circled41d.html]
[file.daktilo.com/themes/default/assets/icon/social/ss-social-circle.svg]
[file.daktilo.com/themes/default/assets/icon/standard/ss-standardd41d.html]
[file.daktilo.com/themes/default/assets/icon/standard/ss-standard.svg]
[file.daktilo.com/themes/default/assets/icon/gizmo/ss-gizmod41d.html]
[file.daktilo.com/themes/default/assets/icon/gizmo/ss-gizmo.svg]
[file.daktilo.com/themes/default/assets/icon/pika/ss-pikad41d.html]
[file.daktilo.com/themes/default/assets/icon/pika/ss-pika.svg]
[file.daktilo.com/themes/default/assets/icon/weather/weatherd41d.html]
[file.daktilo.com/themes/default/assets/icon/weather/weather.svg]
[file.daktilo.com/themes/enerjik/assets/icon/icomoon/fonts/icomoond41d.html]
[file.daktilo.com/themes/enerjik/assets/icon/icomoon/fonts/icomoon.html]
